// Vitest Snapshot v1, https://vitest.dev/guide/snapshot.html

exports[`Image component Test > renders correctly 1`] = `
<styled.div>
  <picture>
    <source />
    <source />
    <styled.img
      $isVisible={false}
      $scaleModifier={1.2}
      $scaleOnHover={false}
      onLoad={[Function]}
    />
    <Styled(Spinner)
      isRunning={true}
      size={50}
    />
  </picture>
</styled.div>
`;
