// Vitest Snapshot v1, https://vitest.dev/guide/snapshot.html

exports[`Card component Test > renders correctly 1`] = `
<div
  className="sc-gLLuHO jdXbOb"
>
  <div
    className="sc-hLQTFJ gPnkWN sc-iBdoyZ eeTSUb"
  >
    <picture>
      <source
        srcSet="optimized image"
        type="webp"
      />
      <source
        srcSet="basic image"
        type="png"
      />
      <img
        alt="description"
        className="sc-eDLKEg gzGOTz sc-iBdoyZ eeTSUb"
        onLoad={[Function]}
        src="basic image"
      />
      <div
        className="sc-dmyDmy khPhRN sc-jTQDJr hrubtu"
      />
    </picture>
  </div>
  <div
    className="sc-beyTiQ kqiajG"
    position="margin-bottom"
    size={3}
  />
  <div
    className="sc-fsYfxw hVaJeq"
  >
    <h3
      className="sc-guDMob dcCBfn"
    >
      title
    </h3>
    <div
      className="sc-beyTiQ bdihiV"
      position="margin-bottom"
      size={2}
    />
    <p
      className="sc-guDMob fXvNir"
    >
      information
    </p>
  </div>
</div>
`;
