// Vitest Snapshot v1

exports[`Card component Test > renders correctly 1`] = `
<div
  className="sc-gKPRtg eA-dsLn"
>
  <div
    className="sc-hLBbgP gAvAzt sc-iBYQkv ftFZOW"
  >
    <picture>
      <source
        srcSet="optimized image"
        type="webp"
      />
      <source
        srcSet="basic image"
        type="png"
      />
      <img
        alt="description"
        className="sc-eDvSVe gxsJM sc-iBYQkv ftFZOW"
        onLoad={[Function]}
        src="basic image"
      />
      <div
        className="sc-dkrFOg jGJVgg sc-jSUZER gHhgjy"
        size={50}
      />
    </picture>
  </div>
  <div
    className="sc-ftTHYK dGFSPJ"
  >
    <h3
      className="sc-gswNZR gXqiCu"
    >
      title
    </h3>
    <div
      className="sc-bcXHqe kiYcIC"
      size={2}
    />
    <p
      className="sc-gswNZR dgIsqM"
    >
      information
    </p>
  </div>
</div>
`;
