// Vitest Snapshot v1, https://vitest.dev/guide/snapshot.html

exports[`Pop menu component Test > renders correctly 1`] = `
<styled.ul
  isVisible={false}
  onClick={[Function]}
>
  <styled.li>
    <Styled(CustomLink)
      onClick={[Function]}
      options={
        {
          "target": "_self",
        }
      }
      to="/test1"
    >
      <Styled(Component)>
        Test1
      </Styled(Component)>
    </Styled(CustomLink)>
  </styled.li>
  <styled.li>
    <Styled(CustomLink)
      onClick={[Function]}
      options={
        {
          "target": "_self",
        }
      }
      to="/test2"
    >
      <Styled(Component)>
        Test2
      </Styled(Component)>
    </Styled(CustomLink)>
  </styled.li>
  <styled.li>
    <Styled(CustomLink)
      isExternal={true}
      onClick={[Function]}
      options={
        {
          "target": "_blank",
        }
      }
      to="/test3"
    >
      <Styled(Component)>
        Test3
      </Styled(Component)>
    </Styled(CustomLink)>
  </styled.li>
</styled.ul>
`;
